AR extend_board_with_7seg behavioral C:/Users/mottya/GitHub/camera_ImageMove/EXTEND_BOARD_WITH_7SEG.vhd sub00/vhpl07 1382603633
EN camera_to_display NULL C:/Users/mottya/GitHub/camera_ImageMove/camera_to_display.vhd sub00/vhpl08 1382603634
AR dcm2 behavioral C:/Users/mottya/GitHub/camera_ImageMove/DCM2.vhd sub00/vhpl03 1382603629
AR camera_to_display behavioral C:/Users/mottya/GitHub/camera_ImageMove/camera_to_display.vhd sub00/vhpl09 1382603635
EN vram160x120x8 NULL C:/Users/mottya/GitHub/camera_ImageMove/ipcore_dir/VRAM160x120x8.vhd sub00/vhpl04 1382603630
AR vram160x120x8 vram160x120x8_a C:/Users/mottya/GitHub/camera_ImageMove/ipcore_dir/VRAM160x120x8.vhd sub00/vhpl05 1382603631
EN vram2 NULL C:/workspace/fpga/3rd_day/camera_practice_0_grayscale/ipcore_dir/VRAM2.vhd sub00/vhpl10 1377587060
AR vram2 vram2_a C:/workspace/fpga/3rd_day/camera_practice_0_grayscale/ipcore_dir/VRAM2.vhd sub00/vhpl11 1377587061
EN dcm1 NULL C:/Users/mottya/GitHub/camera_ImageMove/DCM1.vhd sub00/vhpl00 1382603626
EN dcm2 NULL C:/Users/mottya/GitHub/camera_ImageMove/DCM2.vhd sub00/vhpl02 1382603628
AR dcm1 behavioral C:/Users/mottya/GitHub/camera_ImageMove/DCM1.vhd sub00/vhpl01 1382603627
EN extend_board_with_7seg NULL C:/Users/mottya/GitHub/camera_ImageMove/EXTEND_BOARD_WITH_7SEG.vhd sub00/vhpl06 1382603632
