V3 36
FL C:/Users/Chelly/GitHub/camera_ImageMove/camera_to_display.vhd 2013/10/23.16:48:40 P.58f
FL C:/Users/Chelly/GitHub/camera_ImageMove/DCM1.vhd 2013/10/23.10:00:04 P.58f
FL C:/Users/Chelly/GitHub/camera_ImageMove/DCM2.vhd 2013/10/23.10:00:04 P.58f
FL C:/Users/Chelly/GitHub/camera_ImageMove/EXTEND_BOARD_WITH_7SEG.vhd 2013/10/23.10:00:04 P.58f
FL C:/Users/Chelly/GitHub/camera_ImageMove/ipcore_dir/VRAM160x120x8.vhd 2013/10/23.10:00:04 P.58f
FL C:/Users/mottya/GitHub/camera_ImageMove/camera_to_display.vhd 2013/10/24.17:33:38 P.58f
EN work/camera_to_display 1382603634 \
      FL C:/Users/mottya/GitHub/camera_ImageMove/camera_to_display.vhd \
      PB ieee/std_logic_1164 1364358218 PB ieee/std_logic_arith 1364358219 \
      PB ieee/STD_LOGIC_UNSIGNED 1364358221
AR work/camera_to_display/Behavioral 1382603635 \
      FL C:/Users/mottya/GitHub/camera_ImageMove/camera_to_display.vhd \
      EN work/camera_to_display 1382603634 CP DCM1 CP DCM2 CP VRAM160x120x8 \
      CP EXTEND_BOARD_WITH_7SEG
FL C:/Users/mottya/GitHub/camera_ImageMove/DCM1.vhd 2013/10/24.15:16:03 P.58f
EN work/DCM1 1382603626 FL C:/Users/mottya/GitHub/camera_ImageMove/DCM1.vhd \
      PB ieee/std_logic_1164 1364358218 PB ieee/NUMERIC_STD 1364358223 LB UNISIM \
      PH unisim/VCOMPONENTS 1364358225
AR work/DCM1/BEHAVIORAL 1382603627 \
      FL C:/Users/mottya/GitHub/camera_ImageMove/DCM1.vhd EN work/DCM1 1382603626 \
      CP BUFG CP IBUFG CP DCM_SP
FL C:/Users/mottya/GitHub/camera_ImageMove/DCM2.vhd 2013/10/24.15:16:03 P.58f
EN work/DCM2 1382603628 FL C:/Users/mottya/GitHub/camera_ImageMove/DCM2.vhd \
      PB ieee/std_logic_1164 1364358218 PB ieee/NUMERIC_STD 1364358223 LB UNISIM \
      PH unisim/VCOMPONENTS 1364358225
AR work/DCM2/BEHAVIORAL 1382603629 \
      FL C:/Users/mottya/GitHub/camera_ImageMove/DCM2.vhd EN work/DCM2 1382603628 \
      CP IBUFG CP BUFG CP DCM_SP
FL C:/Users/mottya/GitHub/camera_ImageMove/EXTEND_BOARD_WITH_7SEG.vhd 2013/10/24.15:16:03 P.58f
EN work/EXTEND_BOARD_WITH_7SEG 1382603632 \
      FL C:/Users/mottya/GitHub/camera_ImageMove/EXTEND_BOARD_WITH_7SEG.vhd \
      PB ieee/std_logic_1164 1364358218 PB ieee/STD_LOGIC_UNSIGNED 1364358221
AR work/EXTEND_BOARD_WITH_7SEG/Behavioral 1382603633 \
      FL C:/Users/mottya/GitHub/camera_ImageMove/EXTEND_BOARD_WITH_7SEG.vhd \
      EN work/EXTEND_BOARD_WITH_7SEG 1382603632
FL C:/Users/mottya/GitHub/camera_ImageMove/ipcore_dir/VRAM160x120x8.vhd 2013/10/24.15:16:03 P.58f
EN work/VRAM160x120x8 1382603630 \
      FL C:/Users/mottya/GitHub/camera_ImageMove/ipcore_dir/VRAM160x120x8.vhd \
      PB ieee/std_logic_1164 1364358218
AR work/VRAM160x120x8/VRAM160x120x8_a 1382603631 \
      FL C:/Users/mottya/GitHub/camera_ImageMove/ipcore_dir/VRAM160x120x8.vhd \
      EN work/VRAM160x120x8 1382603630
FL C:/workspace/fpga/3rd_day/camera_practice_0_grayscale/camera_to_display.vhd 2013/08/27.16:04:03 P.58f
FL C:/workspace/fpga/3rd_day/camera_practice_0_grayscale/DCM1.vhd 2013/08/26.16:19:40 P.58f
FL C:/workspace/fpga/3rd_day/camera_practice_0_grayscale/DCM2.vhd 2013/08/26.16:19:40 P.58f
FL C:/workspace/fpga/3rd_day/camera_practice_0_grayscale/EXTEND_BOARD_WITH_7SEG.vhd 2011/08/19.17:59:56 P.58f
FL C:/workspace/fpga/3rd_day/camera_practice_0_grayscale/ipcore_dir/VRAM160x120x8.vhd 2011/09/30.15:20:44 P.58f
FL C:/workspace/fpga/3rd_day/camera_practice_0_grayscale/ipcore_dir/VRAM2.vhd 2013/08/27.11:32:28 P.58f
EN work/VRAM2 1377587060 \
      FL C:/workspace/fpga/3rd_day/camera_practice_0_grayscale/ipcore_dir/VRAM2.vhd \
      PB ieee/std_logic_1164 1364358218
AR work/VRAM2/VRAM2_a 1377587061 \
      FL C:/workspace/fpga/3rd_day/camera_practice_0_grayscale/ipcore_dir/VRAM2.vhd \
      EN work/VRAM2 1377587060
